[35m[Appium][39m Welcome to Appium v1.22.0
[35m[Appium][39m Non-default server args:
[35m[Appium][39m   port: 62444
[35m[Appium][39m   loglevel: info
[35m[Appium][39m   tmpDir: C:\Users\bogi\AppData\Local\Temp\\Katalon\Appium\Temp1781838843835
[35m[Appium][39m   chromedriverPort: 62445
[35m[Appium][39m Deprecated server args:
[35m[Appium][39m   [31m--chromedriver-port[39m => --default-capabilities
[35m[Appium][39m Default capabilities, which will be added to each request unless overridden by desired capabilities:
[35m[Appium][39m   chromedriverPort: 62445
[35m[Appium][39m Appium REST http interface listener started on 0.0.0.0:62444
[35m[HTTP][39m [37m-->[39m [37mGET[39m [37m/wd/hub/status[39m
[35m[HTTP][39m [90m{}[39m
[35m[HTTP][39m [37m<-- GET /wd/hub/status [39m[32m200[39m [90m3 ms - 68[39m
[35m[HTTP][39m [90m[39m
[35m[HTTP][39m [37m-->[39m [37mGET[39m [37m/wd/hub/status[39m
[35m[HTTP][39m [90m{}[39m
[35m[HTTP][39m [37m<-- GET /wd/hub/status [39m[32m200[39m [90m1 ms - 68[39m
[35m[HTTP][39m [90m[39m
[35m[HTTP][39m [37m-->[39m [37mPOST[39m [37m/wd/hub/session[39m
[35m[HTTP][39m [90m{"desiredCapabilities":{"appActivity":".Settings","appPackage":"com.android.settings","newCommandTimeout":1800,"platformVersion":"17","automationName":"uiautomator2","autoGrantPermissions":true,"platformName":"Android","udid":"emulator-5554","deviceName":"emulator-5554 (sdk_gphone16k_x86_64 - Android 17)","platform":"ANDROID","systemPort":8204},"capabilities":{"firstMatch":[{"appium:appActivity":".Settings","appium:appPackage":"com.android.settings","appium:autoGrantPermissions":true,"appium:automationName":"uiautomator2","appium:deviceName":"emulator-5554 (sdk_gphone16k_x86_64 - Android 17)","appium:newCommandTimeout":1800,"platform":"ANDROID","platformName":"android","appium:platformVersion":"17","appium:systemPort":8204,"appium:udid":"emulator-5554"}]}}[39m
[35m[BaseDriver][39m The following capabilities are not standard capabilities and should have an extension prefix:
[35m[BaseDriver][39m   platform
[35m[BaseDriver][39m   chromedriverPort
[35m[Appium][39m Appium v1.22.0 creating new AndroidUiautomator2Driver (v1.69.0) session
[35m[BaseDriver][39m The following capabilities were provided, but are not recognized by Appium:
[35m[BaseDriver][39m   platform
[35m[BaseDriver][39m Session created with session id: 00220bd4-3d29-4279-a711-37e21bb33beb
[35m[UiAutomator2][39m Starting 'com.android.settings' directly on the device
[35m[ADB][39m Found 1 'build-tools' folders under 'C:\Users\bogi\.katalon\tools\android_sdk' (newest first):
[35m[ADB][39m     C:/Users/bogi/.katalon/tools/android_sdk/build-tools/29.0.3
[35m[ADB][39m Using 'adb.exe' from 'C:\Users\bogi\.katalon\tools\android_sdk\platform-tools\adb.exe'
[35m[AndroidDriver][39m Retrieving device list
[35m[AndroidDriver][39m Using device: emulator-5554
[35m[ADB][39m Using 'adb.exe' from 'C:\Users\bogi\.katalon\tools\android_sdk\platform-tools\adb.exe'
[35m[ADB][39m Getting device platform version
[35m[UiAutomator2][39m Relaxing hidden api policy
[35m[AndroidDriver][39m No app sent in, not parsing package/activity
[35m[ADB][39m Using 'apksigner.jar' from 'C:\Users\bogi\.katalon\tools\android_sdk\build-tools\29.0.3\lib\apksigner.jar'
[35m[ADB][39m 'C:\Users\bogi\AppData\Roaming\npm\node_modules\appium\node_modules\appium-uiautomator2-server\apks\appium-uiautomator2-server-v4.24.0.apk' is signed with the default certificate
[35m[ADB][39m 'C:\Users\bogi\AppData\Roaming\npm\node_modules\appium\node_modules\appium-uiautomator2-server\apks\appium-uiautomator2-server-debug-androidTest.apk' is signed with the default certificate
[35m[UiAutomator2][39m Server packages are not going to be (re)installed
[35m[ADB][39m Adding packages ["io.appium.settings","io.appium.uiautomator2.server","io.appium.uiautomator2.server.test"] to Doze whitelist
[35m[UiAutomator2][39m Starting UIAutomator2 server 4.24.0
[35m[UiAutomator2][39m Using UIAutomator2 server from 'C:\Users\bogi\AppData\Roaming\npm\node_modules\appium\node_modules\appium-uiautomator2-server\apks\appium-uiautomator2-server-v4.24.0.apk' and test from 'C:\Users\bogi\AppData\Roaming\npm\node_modules\appium\node_modules\appium-uiautomator2-server\apks\appium-uiautomator2-server-debug-androidTest.apk'
[35m[UiAutomator2][39m Waiting up to 30000ms for UiAutomator2 to be online...
[35m[WD Proxy][39m socket hang up
[35m[WD Proxy][39m socket hang up
[35m[WD Proxy][39m Determined the downstream protocol as 'W3C'
[35m[AndroidDriver][39m Screen already unlocked, doing nothing
[35m[UiAutomator2][39m Starting 'com.android.settings/.Settings and waiting for 'com.android.settings/.Settings'
[35m[Appium][39m New AndroidUiautomator2Driver session created successfully, session 00220bd4-3d29-4279-a711-37e21bb33beb added to master session list
[35m[HTTP][39m [37m<-- POST /wd/hub/session [39m[32m200[39m [90m7005 ms - 1195[39m
[35m[HTTP][39m [90m[39m
[35m[HTTP][39m [37m-->[39m [37mGET[39m [37m/wd/hub/session/00220bd4-3d29-4279-a711-37e21bb33beb[39m
[35m[HTTP][39m [90m{}[39m
[35m[HTTP][39m [37m<-- GET /wd/hub/session/00220bd4-3d29-4279-a711-37e21bb33beb [39m[32m200[39m [90m12 ms - 1149[39m
[35m[HTTP][39m [90m[39m
[35m[HTTP][39m [37m-->[39m [37mGET[39m [37m/wd/hub/session/00220bd4-3d29-4279-a711-37e21bb33beb[39m
[35m[HTTP][39m [90m{}[39m
[35m[HTTP][39m [37m<-- GET /wd/hub/session/00220bd4-3d29-4279-a711-37e21bb33beb [39m[32m200[39m [90m24 ms - 1149[39m
[35m[HTTP][39m [90m[39m
[35m[HTTP][39m [37m-->[39m [37mGET[39m [37m/wd/hub/status[39m
[35m[HTTP][39m [90m{}[39m
[35m[HTTP][39m [37m<-- GET /wd/hub/status [39m[32m200[39m [90m1 ms - 68[39m
[35m[HTTP][39m [90m[39m
[35m[HTTP][39m [37m-->[39m [37mPOST[39m [37m/wd/hub/session/00220bd4-3d29-4279-a711-37e21bb33beb/timeouts[39m
[35m[HTTP][39m [90m{"implicit":60000}[39m
[35m[HTTP][39m [37m<-- POST /wd/hub/session/00220bd4-3d29-4279-a711-37e21bb33beb/timeouts [39m[32m200[39m [90m2 ms - 14[39m
[35m[HTTP][39m [90m[39m
[35m[HTTP][39m [37m-->[39m [37mGET[39m [37m/wd/hub/session/00220bd4-3d29-4279-a711-37e21bb33beb/screenshot[39m
[35m[HTTP][39m [90m{}[39m
[35m[HTTP][39m [37m<-- GET /wd/hub/session/00220bd4-3d29-4279-a711-37e21bb33beb/screenshot [39m[32m200[39m [90m375 ms - 56740[39m
[35m[HTTP][39m [90m[39m
[35m[HTTP][39m [37m-->[39m [37mGET[39m [37m/wd/hub/session/00220bd4-3d29-4279-a711-37e21bb33beb/window/rect[39m
[35m[HTTP][39m [90m{}[39m
[35m[HTTP][39m [37m<-- GET /wd/hub/session/00220bd4-3d29-4279-a711-37e21bb33beb/window/rect [39m[32m200[39m [90m11 ms - 50[39m
[35m[HTTP][39m [90m[39m
[35m[HTTP][39m [37m-->[39m [37mGET[39m [37m/wd/hub/session/00220bd4-3d29-4279-a711-37e21bb33beb/appium/device/system_bars[39m
[35m[HTTP][39m [90m{}[39m
[35m[HTTP][39m [37m<-- GET /wd/hub/session/00220bd4-3d29-4279-a711-37e21bb33beb/appium/device/system_bars [39m[31m500[39m [90m64 ms - 669[39m
[35m[HTTP][39m [90m[39m
[35m[HTTP][39m [37m-->[39m [37mPOST[39m [37m/wd/hub/session/00220bd4-3d29-4279-a711-37e21bb33beb/execute/sync[39m
[35m[HTTP][39m [90m{"script":"mobile:viewportRect","args":[]}[39m
[35m[AndroidDriver][39m Executing native command 'mobile:viewportRect'
[35m[HTTP][39m [37m<-- POST /wd/hub/session/00220bd4-3d29-4279-a711-37e21bb33beb/execute/sync [39m[32m200[39m [90m10 ms - 57[39m
[35m[HTTP][39m [90m[39m
[35m[HTTP][39m [37m-->[39m [37mPOST[39m [37m/wd/hub/session/00220bd4-3d29-4279-a711-37e21bb33beb/appium/device/activate_app[39m
[35m[HTTP][39m [90m{"bundleId":"nl.attenza"}[39m
[35m[HTTP][39m [37m<-- POST /wd/hub/session/00220bd4-3d29-4279-a711-37e21bb33beb/appium/device/activate_app [39m[32m200[39m [90m326 ms - 14[39m
[35m[HTTP][39m [90m[39m
[35m[HTTP][39m [37m-->[39m [37mGET[39m [37m/wd/hub/session/00220bd4-3d29-4279-a711-37e21bb33beb/source[39m
[35m[HTTP][39m [90m{}[39m
[35m[W3C (00220bd4)][39m Driver proxy active, passing request on via HTTP proxy
[35m[WD Proxy][39m Replacing sessionId 0e19290d-a8ff-4593-96f4-d4499303c5fa with 00220bd4-3d29-4279-a711-37e21bb33beb
[35m[HTTP][39m [37m<-- GET /wd/hub/session/00220bd4-3d29-4279-a711-37e21bb33beb/source [39m[32m200[39m [90m1183 ms - 58856[39m
[35m[HTTP][39m [90m[39m
[35m[HTTP][39m [37m-->[39m [37mGET[39m [37m/wd/hub/session/00220bd4-3d29-4279-a711-37e21bb33beb/screenshot[39m
[35m[HTTP][39m [90m{}[39m
[35m[HTTP][39m [37m<-- GET /wd/hub/session/00220bd4-3d29-4279-a711-37e21bb33beb/screenshot [39m[32m200[39m [90m390 ms - 394390[39m
[35m[HTTP][39m [90m[39m
[35m[HTTP][39m [37m-->[39m [37mPOST[39m [37m/wd/hub/session/00220bd4-3d29-4279-a711-37e21bb33beb/elements[39m
[35m[HTTP][39m [90m{"using":"xpath","value":"//*[@class = 'android.widget.TextView' and (@text = 'Fri, 19 Jun 08:00 | dhr Gol Roger 2' or . = 'Fri, 19 Jun 08:00 | dhr Gol Roger 2')]"}[39m
[35m[HTTP][39m [37m<-- POST /wd/hub/session/00220bd4-3d29-4279-a711-37e21bb33beb/elements [39m[32m200[39m [90m108 ms - 139[39m
[35m[HTTP][39m [90m[39m
[35m[HTTP][39m [37m-->[39m [37mPOST[39m [37m/wd/hub/session/00220bd4-3d29-4279-a711-37e21bb33beb/elements[39m
[35m[HTTP][39m [90m{"using":"xpath","value":"//*[@class = 'android.widget.TextView' and (@text = 'Fri, 19 Jun 08:00 | dhr Gol Roger 2' or . = 'Fri, 19 Jun 08:00 | dhr Gol Roger 2')]"}[39m
[35m[HTTP][39m [37m<-- POST /wd/hub/session/00220bd4-3d29-4279-a711-37e21bb33beb/elements [39m[32m200[39m [90m93 ms - 139[39m
[35m[HTTP][39m [90m[39m
[35m[HTTP][39m [37m-->[39m [37mGET[39m [37m/wd/hub/session/00220bd4-3d29-4279-a711-37e21bb33beb/source[39m
[35m[HTTP][39m [90m{}[39m
[35m[W3C (00220bd4)][39m Driver proxy active, passing request on via HTTP proxy
[35m[WD Proxy][39m Replacing sessionId 0e19290d-a8ff-4593-96f4-d4499303c5fa with 00220bd4-3d29-4279-a711-37e21bb33beb
[35m[HTTP][39m [37m<-- GET /wd/hub/session/00220bd4-3d29-4279-a711-37e21bb33beb/source [39m[32m200[39m [90m107 ms - 59630[39m
[35m[HTTP][39m [90m[39m
[35m[HTTP][39m [37m-->[39m [37mGET[39m [37m/wd/hub/session/00220bd4-3d29-4279-a711-37e21bb33beb/screenshot[39m
[35m[HTTP][39m [90m{}[39m
[35m[HTTP][39m [37m<-- GET /wd/hub/session/00220bd4-3d29-4279-a711-37e21bb33beb/screenshot [39m[32m200[39m [90m285 ms - 405408[39m
[35m[HTTP][39m [90m[39m
[35m[HTTP][39m [37m-->[39m [37mPOST[39m [37m/wd/hub/session/00220bd4-3d29-4279-a711-37e21bb33beb/elements[39m
[35m[HTTP][39m [90m{"using":"xpath","value":"//*[@class = 'android.widget.TextView' and (@text = 'Fri, 19 Jun 08:00 | dhr Gol Roger 2' or . = 'Fri, 19 Jun 08:00 | dhr Gol Roger 2')]"}[39m
[35m[HTTP][39m [37m<-- POST /wd/hub/session/00220bd4-3d29-4279-a711-37e21bb33beb/elements [39m[32m200[39m [90m102 ms - 139[39m
[35m[HTTP][39m [90m[39m
[35m[HTTP][39m [37m-->[39m [37mPOST[39m [37m/wd/hub/session/00220bd4-3d29-4279-a711-37e21bb33beb/elements[39m
[35m[HTTP][39m [90m{"using":"xpath","value":"//*[@class = 'android.widget.TextView' and (@text = 'Fri, 19 Jun 08:00 | dhr Gol Roger 2' or . = 'Fri, 19 Jun 08:00 | dhr Gol Roger 2')]"}[39m
[35m[HTTP][39m [37m<-- POST /wd/hub/session/00220bd4-3d29-4279-a711-37e21bb33beb/elements [39m[32m200[39m [90m137 ms - 139[39m
[35m[HTTP][39m [90m[39m
[35m[HTTP][39m [37m-->[39m [37mGET[39m [37m/wd/hub/session/00220bd4-3d29-4279-a711-37e21bb33beb/source[39m
[35m[HTTP][39m [90m{}[39m
[35m[W3C (00220bd4)][39m Driver proxy active, passing request on via HTTP proxy
[35m[WD Proxy][39m Replacing sessionId 0e19290d-a8ff-4593-96f4-d4499303c5fa with 00220bd4-3d29-4279-a711-37e21bb33beb
[35m[HTTP][39m [37m<-- GET /wd/hub/session/00220bd4-3d29-4279-a711-37e21bb33beb/source [39m[32m200[39m [90m99 ms - 59630[39m
[35m[HTTP][39m [90m[39m
[35m[HTTP][39m [37m-->[39m [37mGET[39m [37m/wd/hub/session/00220bd4-3d29-4279-a711-37e21bb33beb/screenshot[39m
[35m[HTTP][39m [90m{}[39m
[35m[HTTP][39m [37m<-- GET /wd/hub/session/00220bd4-3d29-4279-a711-37e21bb33beb/screenshot [39m[32m200[39m [90m293 ms - 405896[39m
[35m[HTTP][39m [90m[39m
[35m[HTTP][39m [37m-->[39m [37mPOST[39m [37m/wd/hub/session/00220bd4-3d29-4279-a711-37e21bb33beb/elements[39m
[35m[HTTP][39m [90m{"using":"xpath","value":"//*[@class = 'android.widget.TextView' and (@text = 'Fri, 19 Jun 08:00 | dhr Cecilia Arsen' or . = 'Fri, 19 Jun 08:00 | dhr Cecilia Arsen')]"}[39m
[35m[HTTP][39m [37m<-- POST /wd/hub/session/00220bd4-3d29-4279-a711-37e21bb33beb/elements [39m[32m200[39m [90m92 ms - 139[39m
[35m[HTTP][39m [90m[39m
[35m[HTTP][39m [37m-->[39m [37mPOST[39m [37m/wd/hub/session/00220bd4-3d29-4279-a711-37e21bb33beb/elements[39m
[35m[HTTP][39m [90m{"using":"xpath","value":"//*[@class = 'android.widget.TextView' and (@text = 'Fri, 19 Jun 08:00 | dhr Cecilia Arsen' or . = 'Fri, 19 Jun 08:00 | dhr Cecilia Arsen')]"}[39m
[35m[HTTP][39m [37m<-- POST /wd/hub/session/00220bd4-3d29-4279-a711-37e21bb33beb/elements [39m[32m200[39m [90m124 ms - 139[39m
[35m[HTTP][39m [90m[39m
[35m[HTTP][39m [37m-->[39m [37mGET[39m [37m/wd/hub/session/00220bd4-3d29-4279-a711-37e21bb33beb/source[39m
[35m[HTTP][39m [90m{}[39m
[35m[W3C (00220bd4)][39m Driver proxy active, passing request on via HTTP proxy
[35m[WD Proxy][39m Replacing sessionId 0e19290d-a8ff-4593-96f4-d4499303c5fa with 00220bd4-3d29-4279-a711-37e21bb33beb
[35m[HTTP][39m [37m<-- GET /wd/hub/session/00220bd4-3d29-4279-a711-37e21bb33beb/source [39m[32m200[39m [90m143 ms - 59630[39m
[35m[HTTP][39m [90m[39m
[35m[HTTP][39m [37m-->[39m [37mGET[39m [37m/wd/hub/session/00220bd4-3d29-4279-a711-37e21bb33beb/screenshot[39m
[35m[HTTP][39m [90m{}[39m
[35m[HTTP][39m [37m<-- GET /wd/hub/session/00220bd4-3d29-4279-a711-37e21bb33beb/screenshot [39m[32m200[39m [90m284 ms - 405896[39m
[35m[HTTP][39m [90m[39m
[35m[HTTP][39m [37m-->[39m [37mPOST[39m [37m/wd/hub/session/00220bd4-3d29-4279-a711-37e21bb33beb/elements[39m
[35m[HTTP][39m [90m{"using":"xpath","value":"//*[@class = 'android.widget.TextView' and (@text = 'Sat, 20 Jun 08:00 | dhr Gol Roger 2' or . = 'Sat, 20 Jun 08:00 | dhr Gol Roger 2')]"}[39m
[35m[HTTP][39m [37m<-- POST /wd/hub/session/00220bd4-3d29-4279-a711-37e21bb33beb/elements [39m[32m200[39m [90m90 ms - 139[39m
[35m[HTTP][39m [90m[39m
[35m[HTTP][39m [37m-->[39m [37mPOST[39m [37m/wd/hub/session/00220bd4-3d29-4279-a711-37e21bb33beb/elements[39m
[35m[HTTP][39m [90m{"using":"xpath","value":"//*[@class = 'android.widget.TextView' and (@text = 'Sat, 20 Jun 08:00 | dhr Gol Roger 2' or . = 'Sat, 20 Jun 08:00 | dhr Gol Roger 2')]"}[39m
[35m[HTTP][39m [37m<-- POST /wd/hub/session/00220bd4-3d29-4279-a711-37e21bb33beb/elements [39m[32m200[39m [90m86 ms - 139[39m
[35m[HTTP][39m [90m[39m
[35m[HTTP][39m [37m-->[39m [37mGET[39m [37m/wd/hub/session/00220bd4-3d29-4279-a711-37e21bb33beb/source[39m
[35m[HTTP][39m [90m{}[39m
[35m[W3C (00220bd4)][39m Driver proxy active, passing request on via HTTP proxy
[35m[WD Proxy][39m Replacing sessionId 0e19290d-a8ff-4593-96f4-d4499303c5fa with 00220bd4-3d29-4279-a711-37e21bb33beb
[35m[HTTP][39m [37m<-- GET /wd/hub/session/00220bd4-3d29-4279-a711-37e21bb33beb/source [39m[32m200[39m [90m126 ms - 59630[39m
[35m[HTTP][39m [90m[39m
[35m[HTTP][39m [37m-->[39m [37mGET[39m [37m/wd/hub/session/00220bd4-3d29-4279-a711-37e21bb33beb/screenshot[39m
[35m[HTTP][39m [90m{}[39m
[35m[HTTP][39m [37m<-- GET /wd/hub/session/00220bd4-3d29-4279-a711-37e21bb33beb/screenshot [39m[32m200[39m [90m283 ms - 406106[39m
[35m[HTTP][39m [90m[39m
[35m[HTTP][39m [37m-->[39m [37mGET[39m [37m/wd/hub/session/00220bd4-3d29-4279-a711-37e21bb33beb/context[39m
[35m[HTTP][39m [90m{}[39m
[35m[HTTP][39m [37m<-- GET /wd/hub/session/00220bd4-3d29-4279-a711-37e21bb33beb/context [39m[32m200[39m [90m1 ms - 22[39m
[35m[HTTP][39m [90m[39m
[35m[HTTP][39m [37m-->[39m [37mGET[39m [37m/wd/hub/session/00220bd4-3d29-4279-a711-37e21bb33beb/contexts[39m
[35m[HTTP][39m [90m{}[39m
[35m[AndroidDriver][39m Skipping the webview 'WEBVIEW_21130' at '@webview_devtools_remote_21130' since it has reported having zero pages
[35m[HTTP][39m [37m<-- GET /wd/hub/session/00220bd4-3d29-4279-a711-37e21bb33beb/contexts [39m[32m200[39m [90m287 ms - 75[39m
[35m[HTTP][39m [90m[39m
[35m[HTTP][39m [37m-->[39m [37mPOST[39m [37m/wd/hub/session/00220bd4-3d29-4279-a711-37e21bb33beb/context[39m
[35m[HTTP][39m [90m{"name":"NATIVE_APP"}[39m
[35m[HTTP][39m [37m<-- POST /wd/hub/session/00220bd4-3d29-4279-a711-37e21bb33beb/context [39m[32m200[39m [90m1 ms - 14[39m
[35m[HTTP][39m [90m[39m
[35m[HTTP][39m [37m-->[39m [37mPOST[39m [37m/wd/hub/session/00220bd4-3d29-4279-a711-37e21bb33beb/element[39m
[35m[HTTP][39m [90m{"using":"-android uiautomator","value":"new UiScrollable(new UiSelector().scrollable(true).instance(0)).scrollIntoView(new UiSelector().textContains(\"dhr Cecilia Arsen\"))"}[39m
[35m[HTTP][39m [37m<-- POST /wd/hub/session/00220bd4-3d29-4279-a711-37e21bb33beb/element [39m[32m200[39m [90m63 ms - 137[39m
[35m[HTTP][39m [90m[39m
[35m[HTTP][39m [37m-->[39m [37mPOST[39m [37m/wd/hub/session/00220bd4-3d29-4279-a711-37e21bb33beb/context[39m
[35m[HTTP][39m [90m{"name":"NATIVE_APP"}[39m
[35m[HTTP][39m [37m<-- POST /wd/hub/session/00220bd4-3d29-4279-a711-37e21bb33beb/context [39m[32m200[39m [90m0 ms - 14[39m
[35m[HTTP][39m [90m[39m
[35m[HTTP][39m [37m-->[39m [37mGET[39m [37m/wd/hub/session/00220bd4-3d29-4279-a711-37e21bb33beb/source[39m
[35m[HTTP][39m [90m{}[39m
[35m[W3C (00220bd4)][39m Driver proxy active, passing request on via HTTP proxy
[35m[WD Proxy][39m Replacing sessionId 0e19290d-a8ff-4593-96f4-d4499303c5fa with 00220bd4-3d29-4279-a711-37e21bb33beb
[35m[HTTP][39m [37m<-- GET /wd/hub/session/00220bd4-3d29-4279-a711-37e21bb33beb/source [39m[32m200[39m [90m132 ms - 59630[39m
[35m[HTTP][39m [90m[39m
[35m[HTTP][39m [37m-->[39m [37mGET[39m [37m/wd/hub/session/00220bd4-3d29-4279-a711-37e21bb33beb/screenshot[39m
[35m[HTTP][39m [90m{}[39m
[35m[HTTP][39m [37m<-- GET /wd/hub/session/00220bd4-3d29-4279-a711-37e21bb33beb/screenshot [39m[32m200[39m [90m299 ms - 406446[39m
[35m[HTTP][39m [90m[39m
[35m[HTTP][39m [37m-->[39m [37mGET[39m [37m/wd/hub/session/00220bd4-3d29-4279-a711-37e21bb33beb/context[39m
[35m[HTTP][39m [90m{}[39m
[35m[HTTP][39m [37m<-- GET /wd/hub/session/00220bd4-3d29-4279-a711-37e21bb33beb/context [39m[32m200[39m [90m1 ms - 22[39m
[35m[HTTP][39m [90m[39m
[35m[HTTP][39m [37m-->[39m [37mGET[39m [37m/wd/hub/session/00220bd4-3d29-4279-a711-37e21bb33beb/contexts[39m
[35m[HTTP][39m [90m{}[39m
[35m[AndroidDriver][39m Skipping the webview 'WEBVIEW_21130' at '@webview_devtools_remote_21130' since it has reported having zero pages
[35m[HTTP][39m [37m<-- GET /wd/hub/session/00220bd4-3d29-4279-a711-37e21bb33beb/contexts [39m[32m200[39m [90m237 ms - 75[39m
[35m[HTTP][39m [90m[39m
[35m[HTTP][39m [37m-->[39m [37mPOST[39m [37m/wd/hub/session/00220bd4-3d29-4279-a711-37e21bb33beb/context[39m
[35m[HTTP][39m [90m{"name":"NATIVE_APP"}[39m
[35m[HTTP][39m [37m<-- POST /wd/hub/session/00220bd4-3d29-4279-a711-37e21bb33beb/context [39m[32m200[39m [90m1 ms - 14[39m
[35m[HTTP][39m [90m[39m
[35m[HTTP][39m [37m-->[39m [37mPOST[39m [37m/wd/hub/session/00220bd4-3d29-4279-a711-37e21bb33beb/touch/perform[39m
[35m[HTTP][39m [90m{"actions":[{"action":"press","options":{"x":5,"y":0}},{"action":"wait","options":{"ms":500}},{"action":"moveTo","options":{"x":5,"y":0}},{"action":"release","options":{}}]}[39m
[35m[HTTP][39m [37m<-- POST /wd/hub/session/00220bd4-3d29-4279-a711-37e21bb33beb/touch/perform [39m[32m200[39m [90m1017 ms - 14[39m
[35m[HTTP][39m [90m[39m
[35m[HTTP][39m [37m-->[39m [37mPOST[39m [37m/wd/hub/session/00220bd4-3d29-4279-a711-37e21bb33beb/context[39m
[35m[HTTP][39m [90m{"name":"NATIVE_APP"}[39m
[35m[HTTP][39m [37m<-- POST /wd/hub/session/00220bd4-3d29-4279-a711-37e21bb33beb/context [39m[32m200[39m [90m0 ms - 14[39m
[35m[HTTP][39m [90m[39m
[35m[HTTP][39m [37m-->[39m [37mGET[39m [37m/wd/hub/session/00220bd4-3d29-4279-a711-37e21bb33beb/source[39m
[35m[HTTP][39m [90m{}[39m
[35m[W3C (00220bd4)][39m Driver proxy active, passing request on via HTTP proxy
[35m[WD Proxy][39m Replacing sessionId 0e19290d-a8ff-4593-96f4-d4499303c5fa with 00220bd4-3d29-4279-a711-37e21bb33beb
[35m[HTTP][39m [37m<-- GET /wd/hub/session/00220bd4-3d29-4279-a711-37e21bb33beb/source [39m[32m200[39m [90m119 ms - 59630[39m
[35m[HTTP][39m [90m[39m
[35m[HTTP][39m [37m-->[39m [37mGET[39m [37m/wd/hub/session/00220bd4-3d29-4279-a711-37e21bb33beb/screenshot[39m
[35m[HTTP][39m [90m{}[39m
[35m[HTTP][39m [37m<-- GET /wd/hub/session/00220bd4-3d29-4279-a711-37e21bb33beb/screenshot [39m[32m200[39m [90m287 ms - 406154[39m
[35m[HTTP][39m [90m[39m
[35m[HTTP][39m [37m-->[39m [37mGET[39m [37m/wd/hub/session/00220bd4-3d29-4279-a711-37e21bb33beb/context[39m
[35m[HTTP][39m [90m{}[39m
[35m[HTTP][39m [37m<-- GET /wd/hub/session/00220bd4-3d29-4279-a711-37e21bb33beb/context [39m[32m200[39m [90m1 ms - 22[39m
[35m[HTTP][39m [90m[39m
[35m[HTTP][39m [37m-->[39m [37mGET[39m [37m/wd/hub/session/00220bd4-3d29-4279-a711-37e21bb33beb/contexts[39m
[35m[HTTP][39m [90m{}[39m
[35m[AndroidDriver][39m Skipping the webview 'WEBVIEW_21130' at '@webview_devtools_remote_21130' since it has reported having zero pages
[35m[HTTP][39m [37m<-- GET /wd/hub/session/00220bd4-3d29-4279-a711-37e21bb33beb/contexts [39m[32m200[39m [90m240 ms - 75[39m
[35m[HTTP][39m [90m[39m
[35m[HTTP][39m [37m-->[39m [37mPOST[39m [37m/wd/hub/session/00220bd4-3d29-4279-a711-37e21bb33beb/context[39m
[35m[HTTP][39m [90m{"name":"NATIVE_APP"}[39m
[35m[HTTP][39m [37m<-- POST /wd/hub/session/00220bd4-3d29-4279-a711-37e21bb33beb/context [39m[32m200[39m [90m1 ms - 14[39m
[35m[HTTP][39m [90m[39m
[35m[HTTP][39m [37m-->[39m [37mPOST[39m [37m/wd/hub/session/00220bd4-3d29-4279-a711-37e21bb33beb/touch/perform[39m
[35m[HTTP][39m [90m{"actions":[{"action":"press","options":{"x":0,"y":0}},{"action":"wait","options":{"ms":500}},{"action":"moveTo","options":{"x":100,"y":0}},{"action":"release","options":{}}]}[39m
[35m[HTTP][39m [37m<-- POST /wd/hub/session/00220bd4-3d29-4279-a711-37e21bb33beb/touch/perform [39m[32m200[39m [90m928 ms - 14[39m
[35m[HTTP][39m [90m[39m
[35m[HTTP][39m [37m-->[39m [37mPOST[39m [37m/wd/hub/session/00220bd4-3d29-4279-a711-37e21bb33beb/context[39m
[35m[HTTP][39m [90m{"name":"NATIVE_APP"}[39m
[35m[HTTP][39m [37m<-- POST /wd/hub/session/00220bd4-3d29-4279-a711-37e21bb33beb/context [39m[32m200[39m [90m1 ms - 14[39m
[35m[HTTP][39m [90m[39m
[35m[HTTP][39m [37m-->[39m [37mGET[39m [37m/wd/hub/session/00220bd4-3d29-4279-a711-37e21bb33beb/source[39m
[35m[HTTP][39m [90m{}[39m
[35m[W3C (00220bd4)][39m Driver proxy active, passing request on via HTTP proxy
[35m[WD Proxy][39m Replacing sessionId 0e19290d-a8ff-4593-96f4-d4499303c5fa with 00220bd4-3d29-4279-a711-37e21bb33beb
[35m[HTTP][39m [37m<-- GET /wd/hub/session/00220bd4-3d29-4279-a711-37e21bb33beb/source [39m[32m200[39m [90m719 ms - 46540[39m
[35m[HTTP][39m [90m[39m
[35m[HTTP][39m [37m-->[39m [37mGET[39m [37m/wd/hub/session/00220bd4-3d29-4279-a711-37e21bb33beb/screenshot[39m
[35m[HTTP][39m [90m{}[39m
[35m[HTTP][39m [37m<-- GET /wd/hub/session/00220bd4-3d29-4279-a711-37e21bb33beb/screenshot [39m[32m200[39m [90m256 ms - 201804[39m
[35m[HTTP][39m [90m[39m
[35m[HTTP][39m [37m-->[39m [37mPOST[39m [37m/wd/hub/session/00220bd4-3d29-4279-a711-37e21bb33beb/elements[39m
[35m[HTTP][39m [90m{"using":"xpath","value":"//*[@class = 'android.widget.TextView' and (@text = 'Upcoming Shifts' or . = 'Upcoming Shifts')]"}[39m
[35m[HTTP][39m [37m<-- POST /wd/hub/session/00220bd4-3d29-4279-a711-37e21bb33beb/elements [39m[32m200[39m [90m79 ms - 139[39m
[35m[HTTP][39m [90m[39m
[35m[HTTP][39m [37m-->[39m [37mGET[39m [37m/wd/hub/session/00220bd4-3d29-4279-a711-37e21bb33beb/window/rect[39m
[35m[HTTP][39m [90m{}[39m
[35m[HTTP][39m [37m<-- GET /wd/hub/session/00220bd4-3d29-4279-a711-37e21bb33beb/window/rect [39m[32m200[39m [90m8 ms - 50[39m
[35m[HTTP][39m [90m[39m
[35m[HTTP][39m [37m-->[39m [37mPOST[39m [37m/wd/hub/session/00220bd4-3d29-4279-a711-37e21bb33beb/elements[39m
[35m[HTTP][39m [90m{"using":"xpath","value":"//*[@class = 'android.widget.TextView' and (@text = 'Upcoming Shifts' or . = 'Upcoming Shifts')]"}[39m
[35m[HTTP][39m [37m<-- POST /wd/hub/session/00220bd4-3d29-4279-a711-37e21bb33beb/elements [39m[32m200[39m [90m107 ms - 139[39m
[35m[HTTP][39m [90m[39m
[35m[HTTP][39m [37m-->[39m [37mGET[39m [37m/wd/hub/session/00220bd4-3d29-4279-a711-37e21bb33beb/element/00000000-0000-0480-ffff-ffff0000106e/location[39m
[35m[HTTP][39m [90m{}[39m
[35m[W3C (00220bd4)][39m Driver proxy active, passing request on via HTTP proxy
[35m[WD Proxy][39m Replacing sessionId 0e19290d-a8ff-4593-96f4-d4499303c5fa with 00220bd4-3d29-4279-a711-37e21bb33beb
[35m[HTTP][39m [37m<-- GET /wd/hub/session/00220bd4-3d29-4279-a711-37e21bb33beb/element/00000000-0000-0480-ffff-ffff0000106e/location [39m[32m200[39m [90m14 ms - 78[39m
[35m[HTTP][39m [90m[39m
[35m[HTTP][39m [37m-->[39m [37mPOST[39m [37m/wd/hub/session/00220bd4-3d29-4279-a711-37e21bb33beb/element/00000000-0000-0480-ffff-ffff0000106e/click[39m
[35m[HTTP][39m [90m{"id":"00000000-0000-0480-ffff-ffff0000106e"}[39m
[35m[HTTP][39m [37m<-- POST /wd/hub/session/00220bd4-3d29-4279-a711-37e21bb33beb/element/00000000-0000-0480-ffff-ffff0000106e/click [39m[32m200[39m [90m46 ms - 14[39m
[35m[HTTP][39m [90m[39m
[35m[HTTP][39m [37m-->[39m [37mGET[39m [37m/wd/hub/session/00220bd4-3d29-4279-a711-37e21bb33beb/source[39m
[35m[HTTP][39m [90m{}[39m
[35m[W3C (00220bd4)][39m Driver proxy active, passing request on via HTTP proxy
[35m[WD Proxy][39m Replacing sessionId 0e19290d-a8ff-4593-96f4-d4499303c5fa with 00220bd4-3d29-4279-a711-37e21bb33beb
[35m[HTTP][39m [37m<-- GET /wd/hub/session/00220bd4-3d29-4279-a711-37e21bb33beb/source [39m[32m200[39m [90m356 ms - 58853[39m
[35m[HTTP][39m [90m[39m
[35m[HTTP][39m [37m-->[39m [37mGET[39m [37m/wd/hub/session/00220bd4-3d29-4279-a711-37e21bb33beb/screenshot[39m
[35m[HTTP][39m [90m{}[39m
[35m[HTTP][39m [37m<-- GET /wd/hub/session/00220bd4-3d29-4279-a711-37e21bb33beb/screenshot [39m[32m200[39m [90m289 ms - 396816[39m
[35m[HTTP][39m [90m[39m
[35m[HTTP][39m [37m-->[39m [37mGET[39m [37m/wd/hub/session/00220bd4-3d29-4279-a711-37e21bb33beb/context[39m
[35m[HTTP][39m [90m{}[39m
[35m[HTTP][39m [37m<-- GET /wd/hub/session/00220bd4-3d29-4279-a711-37e21bb33beb/context [39m[32m200[39m [90m1 ms - 22[39m
[35m[HTTP][39m [90m[39m
[35m[HTTP][39m [37m-->[39m [37mGET[39m [37m/wd/hub/session/00220bd4-3d29-4279-a711-37e21bb33beb/contexts[39m
[35m[HTTP][39m [90m{}[39m
[35m[AndroidDriver][39m Skipping the webview 'WEBVIEW_21130' at '@webview_devtools_remote_21130' since it has reported having zero pages
[35m[HTTP][39m [37m<-- GET /wd/hub/session/00220bd4-3d29-4279-a711-37e21bb33beb/contexts [39m[32m200[39m [90m243 ms - 75[39m
[35m[HTTP][39m [90m[39m
[35m[HTTP][39m [37m-->[39m [37mPOST[39m [37m/wd/hub/session/00220bd4-3d29-4279-a711-37e21bb33beb/context[39m
[35m[HTTP][39m [90m{"name":"NATIVE_APP"}[39m
[35m[HTTP][39m [37m<-- POST /wd/hub/session/00220bd4-3d29-4279-a711-37e21bb33beb/context [39m[32m200[39m [90m1 ms - 14[39m
[35m[HTTP][39m [90m[39m
[35m[HTTP][39m [37m-->[39m [37mPOST[39m [37m/wd/hub/session/00220bd4-3d29-4279-a711-37e21bb33beb/touch/perform[39m
[35m[HTTP][39m [90m{"actions":[{"action":"press","options":{"x":0,"y":0}},{"action":"wait","options":{"ms":500}},{"action":"moveTo","options":{"x":0,"y":100}},{"action":"release","options":{}}]}[39m
[35m[HTTP][39m [37m<-- POST /wd/hub/session/00220bd4-3d29-4279-a711-37e21bb33beb/touch/perform [39m[32m200[39m [90m1218 ms - 14[39m
[35m[HTTP][39m [90m[39m
[35m[HTTP][39m [37m-->[39m [37mPOST[39m [37m/wd/hub/session/00220bd4-3d29-4279-a711-37e21bb33beb/context[39m
[35m[HTTP][39m [90m{"name":"NATIVE_APP"}[39m
[35m[HTTP][39m [37m<-- POST /wd/hub/session/00220bd4-3d29-4279-a711-37e21bb33beb/context [39m[32m200[39m [90m1 ms - 14[39m
[35m[HTTP][39m [90m[39m
[35m[HTTP][39m [37m-->[39m [37mGET[39m [37m/wd/hub/session/00220bd4-3d29-4279-a711-37e21bb33beb/source[39m
[35m[HTTP][39m [90m{}[39m
[35m[W3C (00220bd4)][39m Driver proxy active, passing request on via HTTP proxy
[35m[WD Proxy][39m Replacing sessionId 0e19290d-a8ff-4593-96f4-d4499303c5fa with 00220bd4-3d29-4279-a711-37e21bb33beb
[35m[HTTP][39m [37m<-- GET /wd/hub/session/00220bd4-3d29-4279-a711-37e21bb33beb/source [39m[32m200[39m [90m455 ms - 59627[39m
[35m[HTTP][39m [90m[39m
[35m[HTTP][39m [37m-->[39m [37mGET[39m [37m/wd/hub/session/00220bd4-3d29-4279-a711-37e21bb33beb/screenshot[39m
[35m[HTTP][39m [90m{}[39m
[35m[HTTP][39m [37m<-- GET /wd/hub/session/00220bd4-3d29-4279-a711-37e21bb33beb/screenshot [39m[32m200[39m [90m273 ms - 406016[39m
[35m[HTTP][39m [90m[39m
[35m[HTTP][39m [37m-->[39m [37mGET[39m [37m/wd/hub/session/00220bd4-3d29-4279-a711-37e21bb33beb/context[39m
[35m[HTTP][39m [90m{}[39m
[35m[HTTP][39m [37m<-- GET /wd/hub/session/00220bd4-3d29-4279-a711-37e21bb33beb/context [39m[32m200[39m [90m1 ms - 22[39m
[35m[HTTP][39m [90m[39m
[35m[HTTP][39m [37m-->[39m [37mGET[39m [37m/wd/hub/session/00220bd4-3d29-4279-a711-37e21bb33beb/contexts[39m
[35m[HTTP][39m [90m{}[39m
[35m[AndroidDriver][39m Skipping the webview 'WEBVIEW_21130' at '@webview_devtools_remote_21130' since it has reported having zero pages
[35m[HTTP][39m [37m<-- GET /wd/hub/session/00220bd4-3d29-4279-a711-37e21bb33beb/contexts [39m[32m200[39m [90m246 ms - 75[39m
[35m[HTTP][39m [90m[39m
[35m[HTTP][39m [37m-->[39m [37mPOST[39m [37m/wd/hub/session/00220bd4-3d29-4279-a711-37e21bb33beb/context[39m
[35m[HTTP][39m [90m{"name":"NATIVE_APP"}[39m
[35m[HTTP][39m [37m<-- POST /wd/hub/session/00220bd4-3d29-4279-a711-37e21bb33beb/context [39m[32m200[39m [90m0 ms - 14[39m
[35m[HTTP][39m [90m[39m
[35m[HTTP][39m [37m-->[39m [37mPOST[39m [37m/wd/hub/session/00220bd4-3d29-4279-a711-37e21bb33beb/touch/perform[39m
[35m[HTTP][39m [90m{"actions":[{"action":"press","options":{"x":0,"y":10}},{"action":"wait","options":{"ms":500}},{"action":"moveTo","options":{"x":0,"y":1000}},{"action":"release","options":{}}]}[39m
[35m[HTTP][39m [37m<-- POST /wd/hub/session/00220bd4-3d29-4279-a711-37e21bb33beb/touch/perform [39m[32m200[39m [90m1415 ms - 14[39m
[35m[HTTP][39m [90m[39m
[35m[HTTP][39m [37m-->[39m [37mPOST[39m [37m/wd/hub/session/00220bd4-3d29-4279-a711-37e21bb33beb/context[39m
[35m[HTTP][39m [90m{"name":"NATIVE_APP"}[39m
[35m[HTTP][39m [37m<-- POST /wd/hub/session/00220bd4-3d29-4279-a711-37e21bb33beb/context [39m[32m200[39m [90m1 ms - 14[39m
[35m[HTTP][39m [90m[39m
[35m[HTTP][39m [37m-->[39m [37mGET[39m [37m/wd/hub/session/00220bd4-3d29-4279-a711-37e21bb33beb/source[39m
[35m[HTTP][39m [90m{}[39m
[35m[W3C (00220bd4)][39m Driver proxy active, passing request on via HTTP proxy
[35m[WD Proxy][39m Replacing sessionId 0e19290d-a8ff-4593-96f4-d4499303c5fa with 00220bd4-3d29-4279-a711-37e21bb33beb
[35m[HTTP][39m [37m<-- GET /wd/hub/session/00220bd4-3d29-4279-a711-37e21bb33beb/source [39m[32m200[39m [90m148 ms - 59183[39m
[35m[HTTP][39m [90m[39m
[35m[HTTP][39m [37m-->[39m [37mGET[39m [37m/wd/hub/session/00220bd4-3d29-4279-a711-37e21bb33beb/screenshot[39m
[35m[HTTP][39m [90m{}[39m
[35m[HTTP][39m [37m<-- GET /wd/hub/session/00220bd4-3d29-4279-a711-37e21bb33beb/screenshot [39m[32m200[39m [90m279 ms - 338824[39m
[35m[HTTP][39m [90m[39m
[35m[HTTP][39m [37m-->[39m [37mGET[39m [37m/wd/hub/session/00220bd4-3d29-4279-a711-37e21bb33beb/context[39m
[35m[HTTP][39m [90m{}[39m
[35m[HTTP][39m [37m<-- GET /wd/hub/session/00220bd4-3d29-4279-a711-37e21bb33beb/context [39m[32m200[39m [90m1 ms - 22[39m
[35m[HTTP][39m [90m[39m
[35m[HTTP][39m [37m-->[39m [37mGET[39m [37m/wd/hub/session/00220bd4-3d29-4279-a711-37e21bb33beb/contexts[39m
[35m[HTTP][39m [90m{}[39m
[35m[AndroidDriver][39m Skipping the webview 'WEBVIEW_21130' at '@webview_devtools_remote_21130' since it has reported having zero pages
[35m[HTTP][39m [37m<-- GET /wd/hub/session/00220bd4-3d29-4279-a711-37e21bb33beb/contexts [39m[32m200[39m [90m250 ms - 75[39m
[35m[HTTP][39m [90m[39m
[35m[HTTP][39m [37m-->[39m [37mPOST[39m [37m/wd/hub/session/00220bd4-3d29-4279-a711-37e21bb33beb/context[39m
[35m[HTTP][39m [90m{"name":"NATIVE_APP"}[39m
[35m[HTTP][39m [37m<-- POST /wd/hub/session/00220bd4-3d29-4279-a711-37e21bb33beb/context [39m[32m200[39m [90m1 ms - 14[39m
[35m[HTTP][39m [90m[39m
[35m[HTTP][39m [37m-->[39m [37mPOST[39m [37m/wd/hub/session/00220bd4-3d29-4279-a711-37e21bb33beb/appium/device/press_keycode[39m
[35m[HTTP][39m [90m{"keycode":4}[39m
[35m[HTTP][39m [37m<-- POST /wd/hub/session/00220bd4-3d29-4279-a711-37e21bb33beb/appium/device/press_keycode [39m[32m200[39m [90m39 ms - 14[39m
[35m[HTTP][39m [90m[39m
[35m[HTTP][39m [37m-->[39m [37mPOST[39m [37m/wd/hub/session/00220bd4-3d29-4279-a711-37e21bb33beb/context[39m
[35m[HTTP][39m [90m{"name":"NATIVE_APP"}[39m
[35m[HTTP][39m [37m<-- POST /wd/hub/session/00220bd4-3d29-4279-a711-37e21bb33beb/context [39m[32m200[39m [90m1 ms - 14[39m
[35m[HTTP][39m [90m[39m
[35m[HTTP][39m [37m-->[39m [37mGET[39m [37m/wd/hub/session/00220bd4-3d29-4279-a711-37e21bb33beb/source[39m
[35m[HTTP][39m [90m{}[39m
[35m[W3C (00220bd4)][39m Driver proxy active, passing request on via HTTP proxy
[35m[WD Proxy][39m Replacing sessionId 0e19290d-a8ff-4593-96f4-d4499303c5fa with 00220bd4-3d29-4279-a711-37e21bb33beb
[35m[HTTP][39m [37m<-- GET /wd/hub/session/00220bd4-3d29-4279-a711-37e21bb33beb/source [39m[32m200[39m [90m305 ms - 45185[39m
[35m[HTTP][39m [90m[39m
[35m[HTTP][39m [37m-->[39m [37mGET[39m [37m/wd/hub/session/00220bd4-3d29-4279-a711-37e21bb33beb/screenshot[39m
[35m[HTTP][39m [90m{}[39m
[35m[HTTP][39m [37m<-- GET /wd/hub/session/00220bd4-3d29-4279-a711-37e21bb33beb/screenshot [39m[32m200[39m [90m299 ms - 185822[39m
[35m[HTTP][39m [90m[39m
[35m[HTTP][39m [37m-->[39m [37mPOST[39m [37m/wd/hub/session/00220bd4-3d29-4279-a711-37e21bb33beb/elements[39m
[35m[HTTP][39m [90m{"using":"xpath","value":"//*[@class = 'android.widget.TextView' and (@text = 'Upcoming Shifts' or . = 'Upcoming Shifts')]"}[39m
[35m[HTTP][39m [37m<-- POST /wd/hub/session/00220bd4-3d29-4279-a711-37e21bb33beb/elements [39m[32m200[39m [90m75 ms - 139[39m
[35m[HTTP][39m [90m[39m
[35m[HTTP][39m [37m-->[39m [37mGET[39m [37m/wd/hub/session/00220bd4-3d29-4279-a711-37e21bb33beb/window/rect[39m
[35m[HTTP][39m [90m{}[39m
[35m[HTTP][39m [37m<-- GET /wd/hub/session/00220bd4-3d29-4279-a711-37e21bb33beb/window/rect [39m[32m200[39m [90m6 ms - 50[39m
[35m[HTTP][39m [90m[39m
[35m[HTTP][39m [37m-->[39m [37mPOST[39m [37m/wd/hub/session/00220bd4-3d29-4279-a711-37e21bb33beb/elements[39m
[35m[HTTP][39m [90m{"using":"xpath","value":"//*[@class = 'android.widget.TextView' and (@text = 'Upcoming Shifts' or . = 'Upcoming Shifts')]"}[39m
[35m[HTTP][39m [37m<-- POST /wd/hub/session/00220bd4-3d29-4279-a711-37e21bb33beb/elements [39m[32m200[39m [90m76 ms - 139[39m
[35m[HTTP][39m [90m[39m
[35m[HTTP][39m [37m-->[39m [37mGET[39m [37m/wd/hub/session/00220bd4-3d29-4279-a711-37e21bb33beb/element/00000000-0000-0480-ffff-ffff0000106e/location[39m
[35m[HTTP][39m [90m{}[39m
[35m[W3C (00220bd4)][39m Driver proxy active, passing request on via HTTP proxy
[35m[WD Proxy][39m Replacing sessionId 0e19290d-a8ff-4593-96f4-d4499303c5fa with 00220bd4-3d29-4279-a711-37e21bb33beb
[35m[HTTP][39m [37m<-- GET /wd/hub/session/00220bd4-3d29-4279-a711-37e21bb33beb/element/00000000-0000-0480-ffff-ffff0000106e/location [39m[32m200[39m [90m13 ms - 78[39m
[35m[HTTP][39m [90m[39m
[35m[HTTP][39m [37m-->[39m [37mPOST[39m [37m/wd/hub/session/00220bd4-3d29-4279-a711-37e21bb33beb/element/00000000-0000-0480-ffff-ffff0000106e/click[39m
[35m[HTTP][39m [90m{"id":"00000000-0000-0480-ffff-ffff0000106e"}[39m
[35m[HTTP][39m [37m<-- POST /wd/hub/session/00220bd4-3d29-4279-a711-37e21bb33beb/element/00000000-0000-0480-ffff-ffff0000106e/click [39m[32m200[39m [90m46 ms - 14[39m
[35m[HTTP][39m [90m[39m
[35m[HTTP][39m [37m-->[39m [37mGET[39m [37m/wd/hub/session/00220bd4-3d29-4279-a711-37e21bb33beb/source[39m
[35m[HTTP][39m [90m{}[39m
[35m[W3C (00220bd4)][39m Driver proxy active, passing request on via HTTP proxy
[35m[WD Proxy][39m Replacing sessionId 0e19290d-a8ff-4593-96f4-d4499303c5fa with 00220bd4-3d29-4279-a711-37e21bb33beb
[35m[HTTP][39m [37m<-- GET /wd/hub/session/00220bd4-3d29-4279-a711-37e21bb33beb/source [39m[32m200[39m [90m342 ms - 58853[39m
[35m[HTTP][39m [90m[39m
[35m[HTTP][39m [37m-->[39m [37mGET[39m [37m/wd/hub/session/00220bd4-3d29-4279-a711-37e21bb33beb/screenshot[39m
[35m[HTTP][39m [90m{}[39m
[35m[HTTP][39m [37m<-- GET /wd/hub/session/00220bd4-3d29-4279-a711-37e21bb33beb/screenshot [39m[32m200[39m [90m309 ms - 396902[39m
[35m[HTTP][39m [90m[39m
[35m[HTTP][39m [37m-->[39m [37mGET[39m [37m/wd/hub/session/00220bd4-3d29-4279-a711-37e21bb33beb/context[39m
[35m[HTTP][39m [90m{}[39m
[35m[HTTP][39m [37m<-- GET /wd/hub/session/00220bd4-3d29-4279-a711-37e21bb33beb/context [39m[32m200[39m [90m1 ms - 22[39m
[35m[HTTP][39m [90m[39m
[35m[HTTP][39m [37m-->[39m [37mGET[39m [37m/wd/hub/session/00220bd4-3d29-4279-a711-37e21bb33beb/contexts[39m
[35m[HTTP][39m [90m{}[39m
[35m[AndroidDriver][39m Skipping the webview 'WEBVIEW_21130' at '@webview_devtools_remote_21130' since it has reported having zero pages
[35m[HTTP][39m [37m<-- GET /wd/hub/session/00220bd4-3d29-4279-a711-37e21bb33beb/contexts [39m[32m200[39m [90m243 ms - 75[39m
[35m[HTTP][39m [90m[39m
[35m[HTTP][39m [37m-->[39m [37mPOST[39m [37m/wd/hub/session/00220bd4-3d29-4279-a711-37e21bb33beb/context[39m
[35m[HTTP][39m [90m{"name":"NATIVE_APP"}[39m
[35m[HTTP][39m [37m<-- POST /wd/hub/session/00220bd4-3d29-4279-a711-37e21bb33beb/context [39m[32m200[39m [90m0 ms - 14[39m
[35m[HTTP][39m [90m[39m
[35m[HTTP][39m [37m-->[39m [37mPOST[39m [37m/wd/hub/session/00220bd4-3d29-4279-a711-37e21bb33beb/touch/perform[39m
[35m[HTTP][39m [90m{"actions":[{"action":"press","options":{"x":0,"y":0}},{"action":"wait","options":{"ms":500}},{"action":"moveTo","options":{"x":0,"y":200}},{"action":"release","options":{}}]}[39m
[35m[HTTP][39m [37m<-- POST /wd/hub/session/00220bd4-3d29-4279-a711-37e21bb33beb/touch/perform [39m[32m200[39m [90m1302 ms - 14[39m
[35m[HTTP][39m [90m[39m
[35m[HTTP][39m [37m-->[39m [37mPOST[39m [37m/wd/hub/session/00220bd4-3d29-4279-a711-37e21bb33beb/context[39m
[35m[HTTP][39m [90m{"name":"NATIVE_APP"}[39m
[35m[HTTP][39m [37m<-- POST /wd/hub/session/00220bd4-3d29-4279-a711-37e21bb33beb/context [39m[32m200[39m [90m0 ms - 14[39m
[35m[HTTP][39m [90m[39m
[35m[HTTP][39m [37m-->[39m [37mGET[39m [37m/wd/hub/session/00220bd4-3d29-4279-a711-37e21bb33beb/source[39m
[35m[HTTP][39m [90m{}[39m
[35m[W3C (00220bd4)][39m Driver proxy active, passing request on via HTTP proxy
[35m[WD Proxy][39m Replacing sessionId 0e19290d-a8ff-4593-96f4-d4499303c5fa with 00220bd4-3d29-4279-a711-37e21bb33beb
[35m[HTTP][39m [37m<-- GET /wd/hub/session/00220bd4-3d29-4279-a711-37e21bb33beb/source [39m[32m200[39m [90m115 ms - 59627[39m
[35m[HTTP][39m [90m[39m
[35m[HTTP][39m [37m-->[39m [37mGET[39m [37m/wd/hub/session/00220bd4-3d29-4279-a711-37e21bb33beb/screenshot[39m
[35m[HTTP][39m [90m{}[39m
[35m[HTTP][39m [37m<-- GET /wd/hub/session/00220bd4-3d29-4279-a711-37e21bb33beb/screenshot [39m[32m200[39m [90m285 ms - 405990[39m
[35m[HTTP][39m [90m[39m
[35m[HTTP][39m [37m-->[39m [37mGET[39m [37m/wd/hub/session/00220bd4-3d29-4279-a711-37e21bb33beb/context[39m
[35m[HTTP][39m [90m{}[39m
[35m[HTTP][39m [37m<-- GET /wd/hub/session/00220bd4-3d29-4279-a711-37e21bb33beb/context [39m[32m200[39m [90m1 ms - 22[39m
[35m[HTTP][39m [90m[39m
[35m[HTTP][39m [37m-->[39m [37mGET[39m [37m/wd/hub/session/00220bd4-3d29-4279-a711-37e21bb33beb/contexts[39m
[35m[HTTP][39m [90m{}[39m
[35m[AndroidDriver][39m Skipping the webview 'WEBVIEW_21130' at '@webview_devtools_remote_21130' since it has reported having zero pages
[35m[HTTP][39m [37m<-- GET /wd/hub/session/00220bd4-3d29-4279-a711-37e21bb33beb/contexts [39m[32m200[39m [90m239 ms - 75[39m
[35m[HTTP][39m [90m[39m
[35m[HTTP][39m [37m-->[39m [37mPOST[39m [37m/wd/hub/session/00220bd4-3d29-4279-a711-37e21bb33beb/context[39m
[35m[HTTP][39m [90m{"name":"NATIVE_APP"}[39m
[35m[HTTP][39m [37m<-- POST /wd/hub/session/00220bd4-3d29-4279-a711-37e21bb33beb/context [39m[32m200[39m [90m1 ms - 14[39m
[35m[HTTP][39m [90m[39m
[35m[HTTP][39m [37m-->[39m [37mPOST[39m [37m/wd/hub/session/00220bd4-3d29-4279-a711-37e21bb33beb/touch/perform[39m
[35m[HTTP][39m [90m{"actions":[{"action":"press","options":{"x":0,"y":50}},{"action":"wait","options":{"ms":500}},{"action":"moveTo","options":{"x":0,"y":0}},{"action":"release","options":{}}]}[39m
[35m[HTTP][39m [37m<-- POST /wd/hub/session/00220bd4-3d29-4279-a711-37e21bb33beb/touch/perform [39m[32m200[39m [90m1088 ms - 14[39m
[35m[HTTP][39m [90m[39m
[35m[HTTP][39m [37m-->[39m [37mPOST[39m [37m/wd/hub/session/00220bd4-3d29-4279-a711-37e21bb33beb/context[39m
[35m[HTTP][39m [90m{"name":"NATIVE_APP"}[39m
[35m[HTTP][39m [37m<-- POST /wd/hub/session/00220bd4-3d29-4279-a711-37e21bb33beb/context [39m[32m200[39m [90m0 ms - 14[39m
[35m[HTTP][39m [90m[39m
[35m[HTTP][39m [37m-->[39m [37mGET[39m [37m/wd/hub/session/00220bd4-3d29-4279-a711-37e21bb33beb/source[39m
[35m[HTTP][39m [90m{}[39m
[35m[W3C (00220bd4)][39m Driver proxy active, passing request on via HTTP proxy
[35m[WD Proxy][39m Replacing sessionId 0e19290d-a8ff-4593-96f4-d4499303c5fa with 00220bd4-3d29-4279-a711-37e21bb33beb
[35m[HTTP][39m [37m<-- GET /wd/hub/session/00220bd4-3d29-4279-a711-37e21bb33beb/source [39m[32m200[39m [90m278 ms - 60207[39m
[35m[HTTP][39m [90m[39m
[35m[HTTP][39m [37m-->[39m [37mGET[39m [37m/wd/hub/session/00220bd4-3d29-4279-a711-37e21bb33beb/screenshot[39m
[35m[HTTP][39m [90m{}[39m
[35m[HTTP][39m [37m<-- GET /wd/hub/session/00220bd4-3d29-4279-a711-37e21bb33beb/screenshot [39m[32m200[39m [90m313 ms - 409362[39m
[35m[HTTP][39m [90m[39m
[35m[HTTP][39m [37m-->[39m [37mGET[39m [37m/wd/hub/session/00220bd4-3d29-4279-a711-37e21bb33beb/context[39m
[35m[HTTP][39m [90m{}[39m
[35m[HTTP][39m [37m<-- GET /wd/hub/session/00220bd4-3d29-4279-a711-37e21bb33beb/context [39m[32m200[39m [90m1 ms - 22[39m
[35m[HTTP][39m [90m[39m
[35m[HTTP][39m [37m-->[39m [37mGET[39m [37m/wd/hub/session/00220bd4-3d29-4279-a711-37e21bb33beb/contexts[39m
[35m[HTTP][39m [90m{}[39m
[35m[AndroidDriver][39m Skipping the webview 'WEBVIEW_21130' at '@webview_devtools_remote_21130' since it has reported having zero pages
[35m[HTTP][39m [37m<-- GET /wd/hub/session/00220bd4-3d29-4279-a711-37e21bb33beb/contexts [39m[32m200[39m [90m232 ms - 75[39m
[35m[HTTP][39m [90m[39m
[35m[HTTP][39m [37m-->[39m [37mPOST[39m [37m/wd/hub/session/00220bd4-3d29-4279-a711-37e21bb33beb/context[39m
[35m[HTTP][39m [90m{"name":"NATIVE_APP"}[39m
[35m[HTTP][39m [37m<-- POST /wd/hub/session/00220bd4-3d29-4279-a711-37e21bb33beb/context [39m[32m200[39m [90m1 ms - 14[39m
[35m[HTTP][39m [90m[39m
[35m[HTTP][39m [37m-->[39m [37mPOST[39m [37m/wd/hub/session/00220bd4-3d29-4279-a711-37e21bb33beb/touch/perform[39m
[35m[HTTP][39m [90m{"actions":[{"action":"press","options":{"x":0,"y":200}},{"action":"wait","options":{"ms":500}},{"action":"moveTo","options":{"x":0,"y":100}},{"action":"release","options":{}}]}[39m
[35m[HTTP][39m [37m<-- POST /wd/hub/session/00220bd4-3d29-4279-a711-37e21bb33beb/touch/perform [39m[32m200[39m [90m1248 ms - 14[39m
[35m[HTTP][39m [90m[39m
[35m[HTTP][39m [37m-->[39m [37mPOST[39m [37m/wd/hub/session/00220bd4-3d29-4279-a711-37e21bb33beb/context[39m
[35m[HTTP][39m [90m{"name":"NATIVE_APP"}[39m
[35m[HTTP][39m [37m<-- POST /wd/hub/session/00220bd4-3d29-4279-a711-37e21bb33beb/context [39m[32m200[39m [90m0 ms - 14[39m
[35m[HTTP][39m [90m[39m
[35m[HTTP][39m [37m-->[39m [37mGET[39m [37m/wd/hub/session/00220bd4-3d29-4279-a711-37e21bb33beb/source[39m
[35m[HTTP][39m [90m{}[39m
[35m[W3C (00220bd4)][39m Driver proxy active, passing request on via HTTP proxy
[35m[WD Proxy][39m Replacing sessionId 0e19290d-a8ff-4593-96f4-d4499303c5fa with 00220bd4-3d29-4279-a711-37e21bb33beb
[35m[HTTP][39m [37m<-- GET /wd/hub/session/00220bd4-3d29-4279-a711-37e21bb33beb/source [39m[32m200[39m [90m124 ms - 60207[39m
[35m[HTTP][39m [90m[39m
[35m[HTTP][39m [37m-->[39m [37mGET[39m [37m/wd/hub/session/00220bd4-3d29-4279-a711-37e21bb33beb/screenshot[39m
[35m[HTTP][39m [90m{}[39m
[35m[HTTP][39m [37m<-- GET /wd/hub/session/00220bd4-3d29-4279-a711-37e21bb33beb/screenshot [39m[32m200[39m [90m290 ms - 409362[39m
[35m[HTTP][39m [90m[39m
[35m[HTTP][39m [37m-->[39m [37mPOST[39m [37m/wd/hub/session/00220bd4-3d29-4279-a711-37e21bb33beb/elements[39m
[35m[HTTP][39m [90m{"using":"xpath","value":"//*[@class = 'android.widget.TextView' and (@text = 'Fri, 19 Jun 08:00 | dhr Gol Roger 2' or . = 'Fri, 19 Jun 08:00 | dhr Gol Roger 2')]"}[39m
[35m[HTTP][39m [37m<-- POST /wd/hub/session/00220bd4-3d29-4279-a711-37e21bb33beb/elements [39m[32m200[39m [90m106 ms - 139[39m
[35m[HTTP][39m [90m[39m
[35m[HTTP][39m [37m-->[39m [37mPOST[39m [37m/wd/hub/session/00220bd4-3d29-4279-a711-37e21bb33beb/elements[39m
[35m[HTTP][39m [90m{"using":"xpath","value":"//*[@class = 'android.widget.TextView' and (@text = 'Fri, 19 Jun 08:00 | dhr Gol Roger 2' or . = 'Fri, 19 Jun 08:00 | dhr Gol Roger 2')]"}[39m
[35m[HTTP][39m [37m<-- POST /wd/hub/session/00220bd4-3d29-4279-a711-37e21bb33beb/elements [39m[32m200[39m [90m127 ms - 139[39m
[35m[HTTP][39m [90m[39m
[35m[HTTP][39m [37m-->[39m [37mGET[39m [37m/wd/hub/session/00220bd4-3d29-4279-a711-37e21bb33beb/source[39m
[35m[HTTP][39m [90m{}[39m
[35m[W3C (00220bd4)][39m Driver proxy active, passing request on via HTTP proxy
[35m[WD Proxy][39m Replacing sessionId 0e19290d-a8ff-4593-96f4-d4499303c5fa with 00220bd4-3d29-4279-a711-37e21bb33beb
[35m[HTTP][39m [37m<-- GET /wd/hub/session/00220bd4-3d29-4279-a711-37e21bb33beb/source [39m[32m200[39m [90m144 ms - 60207[39m
[35m[HTTP][39m [90m[39m
[35m[HTTP][39m [37m-->[39m [37mGET[39m [37m/wd/hub/session/00220bd4-3d29-4279-a711-37e21bb33beb/screenshot[39m
[35m[HTTP][39m [90m{}[39m
[35m[HTTP][39m [37m<-- GET /wd/hub/session/00220bd4-3d29-4279-a711-37e21bb33beb/screenshot [39m[32m200[39m [90m303 ms - 409426[39m
[35m[HTTP][39m [90m[39m
[35m[HTTP][39m [37m-->[39m [37mPOST[39m [37m/wd/hub/session/00220bd4-3d29-4279-a711-37e21bb33beb/elements[39m
[35m[HTTP][39m [90m{"using":"xpath","value":"//*[@class = 'android.widget.TextView' and (@text = 'Sat, 20 Jun 08:00 | dhr Cecilia Arsen' or . = 'Sat, 20 Jun 08:00 | dhr Cecilia Arsen')]"}[39m
[35m[HTTP][39m [37m<-- POST /wd/hub/session/00220bd4-3d29-4279-a711-37e21bb33beb/elements [39m[32m200[39m [90m113 ms - 139[39m
[35m[HTTP][39m [90m[39m
[35m[HTTP][39m [37m-->[39m [37mPOST[39m [37m/wd/hub/session/00220bd4-3d29-4279-a711-37e21bb33beb/elements[39m
[35m[HTTP][39m [90m{"using":"xpath","value":"//*[@class = 'android.widget.TextView' and (@text = 'Sat, 20 Jun 08:00 | dhr Cecilia Arsen' or . = 'Sat, 20 Jun 08:00 | dhr Cecilia Arsen')]"}[39m
[35m[HTTP][39m [37m<-- POST /wd/hub/session/00220bd4-3d29-4279-a711-37e21bb33beb/elements [39m[32m200[39m [90m104 ms - 139[39m
[35m[HTTP][39m [90m[39m
[35m[HTTP][39m [37m-->[39m [37mGET[39m [37m/wd/hub/session/00220bd4-3d29-4279-a711-37e21bb33beb/source[39m
[35m[HTTP][39m [90m{}[39m
[35m[W3C (00220bd4)][39m Driver proxy active, passing request on via HTTP proxy
[35m[WD Proxy][39m Replacing sessionId 0e19290d-a8ff-4593-96f4-d4499303c5fa with 00220bd4-3d29-4279-a711-37e21bb33beb
[35m[HTTP][39m [37m<-- GET /wd/hub/session/00220bd4-3d29-4279-a711-37e21bb33beb/source [39m[32m200[39m [90m138 ms - 60207[39m
[35m[HTTP][39m [90m[39m
[35m[HTTP][39m [37m-->[39m [37mGET[39m [37m/wd/hub/session/00220bd4-3d29-4279-a711-37e21bb33beb/screenshot[39m
[35m[HTTP][39m [90m{}[39m
[35m[HTTP][39m [37m<-- GET /wd/hub/session/00220bd4-3d29-4279-a711-37e21bb33beb/screenshot [39m[32m200[39m [90m302 ms - 410736[39m
[35m[HTTP][39m [90m[39m
[35m[HTTP][39m [37m-->[39m [37mDELETE[39m [37m/wd/hub/session/00220bd4-3d29-4279-a711-37e21bb33beb[39m
[35m[HTTP][39m [90m{}[39m
[35m[Appium][39m Removing session 00220bd4-3d29-4279-a711-37e21bb33beb from our master session list
[35m[UiAutomator2][39m Restoring hidden api policy to the device default configuration
[35m[HTTP][39m [37m<-- DELETE /wd/hub/session/00220bd4-3d29-4279-a711-37e21bb33beb [39m[32m200[39m [90m176 ms - 14[39m
[35m[HTTP][39m [90m[39m
